Z80ASM SuperFast Relocating Macro Assembler     	    Z80ASM 1.32 Page   1
IMSAIMULZ80

    1                   ; IMSAI MULTI FUNCTION PROGRAM
    2                   ; FOR LED OUTPUTS ON PORT $FF
    3                   ; FOR EDUCATIONAL USES ONLY -- TEACHING BINARY
    4                   ; VERSION 1.0
    5                   ; ASSEMBLED WITH Z80ASM (SLR SYSTEMS)
    6                   ; SWITCHES SELECT DIFFERENT OPTIONS
    7                   ; 0 (VAL1) -- PORT REFLECTOR -- DISPLAY SWITCH STATUS
    8                   ; 1 (VAL2) -- BINARY COUNTER (ROUGHLY 1/S)
    9                   ;		SWITCH 6 PAUSES COUNTER
   10                   ;		SWITCH 7 RESETS COUNTER (OR SHUT OFF SWITCH 1)
   11                   ; 2 (VAL4) -- BACK AND FORTH (CYLON)
   12                   ; 3 (VAL8) -- SIMPLE COUNTER
   13                   ;		SWITCH 7 COUNTS -- SHUT OFF SWITCH 3 TO RESET
   14                   ; 4 (VAL16) -- EXIT TO CPM
   15                   ; GNU GPL LICENSE V3
   16                   
   17                   ; -- RICKY BRYCE
   18                   
   19                   ; ** BEGIN PROGRAM HEADER -- DECLARATIONS **
   20         0009      BINCTDLYH:	EQU 09H		; HIGH BYTE OF TIMER DELAY
   21         0085      BINCTDLYL:	EQU 85H		; LOW BYTE OF TIMER DELAY
   22         0001      BINCTDLYF:	EQU 01H		; FINE TUNE FOR TIMER DELAY
   23         0000      CYLONDLYH:	EQU 00H		; HIGH BYTE OF CYLON DELAY
   24         0081      CYLONDLYL:	EQU 81H		; LOW BYTE OF CYLON DELAY
   25         0001      CYLONDLYF:	EQU 01H		; FINE TUNE FOR CYLON DELAY
   26         0001      INNERDLY:	EQU 01H		; INNER DELAY LOOP (VERY COARSE)
   27                   ; ** END PROGRAM HEADER -- DECLARATIONS **
   28                   
   29         0100      	ORG 0100H ; CPM PROGRAMS START AT $100
   30                   
   31                   ; ** BEGIN INITIALIZE **
   32 0100              INIT:
   33 0100  3E 00       	LD A,00H	; LOAD 0 TO ACCUMULATOR
   34 0102  21 0000     	LD HL,00H	; CLEAR HL REGISTER
   35 0105  32 0265     	LD (MODE),A	; START WITH A CLEAR MODE
   36 0108  32 0264     	LD (COUNTER),A	; START COUNTER AT ZERO
   37 010B  32 0267     	LD (CTRONS),A	; START COUNTER ONE SHOT AT 0
   38 010E  3E FF       	LD A,0FFH	; TURN ALL BITS HIGH IN A
   39 0110  D3 FF       	OUT (0FFH),A	; SHUT OFF ALL LIGHTS (1=OFF)
   40                   ; ** END INITIALIZE **
   41                   
   42                   ; ** BEGIN MAIN ROUTINE **
   43 0112              MAIN:
   44 0112  CD 0242     	CALL MODESET
   45                   
   46 0115  3A 0265     	LD A,(MODE)	; CHK MODE ZERO (NO MODE)
   47 0118  B7          	OR A
   48 0119  28 F7       	JR Z,MAIN
   49                   
   50 011B  3A 0265     	LD A,(MODE)	; CHK MODE 1 (PORT REFLECTOR)
   51 011E  FE 01       	CP 1
   52 0120  CA 0145     	JP Z,PORTREF
   53                   
   54 0123  3A 0265     	LD A,(MODE)	; CHK MODE 2 (BINARY COUNTER)
   55 0126  FE 02       	CP 2
   56 0128  CA 0153     	JP Z,BINCT
   57                   
   58 012B  3A 0265     	LD A,(MODE)	; CHK MODE 4 (CYLON)
Z80ASM SuperFast Relocating Macro Assembler     	    Z80ASM 1.32 Page   2
IMSAIMULZ80

   59 012E  FE 04       	CP 4
   60 0130  CA 0190     	JP Z,CYLON
   61                   
   62 0133  3A 0265     	LD A,(MODE)	; CHK MODE 8 (SIMPLE COUNTER)
   63 0136  FE 08       	CP 8
   64 0138  CA 01F8     	JP Z,SCOUNTER
   65                   
   66 013B  3A 0265     	LD A,(MODE)	; CHK MODE 16D 10H (EXIT TO CPM)
   67 013E  FE 10       	CP 10H
   68 0140  CA 0000     	JP Z,00H	; EXIT TO CPM
   69                   
   70 0143  18 CD       	JR MAIN		; INVALID MODE 
   71                   
   72                   ; ** END MAIN ROUTINE **
   73                   
   74                   ; ** BEGIN PORT REFLECTOR ROUTINE **
   75 0145              PORTREF:
   76 0145  DB FF       	IN A,(0FFH)	; GET THE SWITCHES
   77 0147  EE FF       	XOR 0FFH	; REVERSE THE VALUE
   78 0149  D3 FF       	OUT (0FFH),A	; SEND THEM TO THE LIGHTS
   79 014B  DB FF       	IN A,(0FFH)	; GET THE SWITCHES AGAIN
   80 014D  B7          	OR A		; CHECK IF ZERO
   81 014E  20 F5       	JR NZ,PORTREF	; IF NOT ZERO, STAY IN ROUTINE
   82 0150  C3 0112     	JP MAIN		; OTHERWISE, GO BACK TO MAIN 
   83                   ; ** END PORT REFLECTOR ROUTINE **
   84                   
   85                   ; ** BEGIN BINARY COUNTER ROUTINE **
   86 0153              BINCT:
   87 0153  3E 00       	LD A,00H	; LD ZERO TO ACCUMULATOR
   88 0155  32 0264     	LD (COUNTER),A	; START COUNTER AT ZERO
   89 0158              RNBCTR:
   90 0158  3A 0264     	LD A,(COUNTER)	; LOAD THE COUNTER VALUE TO A
   91 015B  EE FF       	XOR 0FFH	; REVERSE ALL BITS
   92 015D  D3 FF       	OUT (0FFH),A	; SEND VALUE TO LEDS
   93 015F  3A 0264     	LD A,(COUNTER)	; LOAD A FROM COUNTER MEMORY
   94 0162  3C          	INC A		; INCREMENT ACCUMULATOR
   95 0163  32 0264     	LD (COUNTER),A	; STORE NEXT VALUE TO COUNTER
   96                   
   97 0166  26 09       	LD H,BINCTDLYH	; LOAD HIGH BYTE TO H
   98 0168  2E 85       	LD L,BINCTDLYL	; LOAD LOW BYTE TO L
   99 016A  0E 01       	LD C,BINCTDLYF	; LOAD FINE TUNE BYTE TO C
  100 016C  CD 022F     	CALL DELAY	; CALL THE DELAY LOOP
  101                   
  102 016F  DB FF       	IN A,(0FFH)	; CHECK THE SWITCHES
  103 0171  B7          	OR A		; CHECK A FOR ZERO
  104 0172  20 0C       	JR NZ,SW7	; IF NOT ZERO, THEN CHECK THE VALUES
  105                   
  106 0174  3E FF       	LD A,0FFH	; LOAD ZERO TO A
  107 0176  D3 FF       	OUT (0FFH),A	; ZERO THE DISPLAY
  108 0178  3E 00       	LD A,00H	; LOAD A WITH ZERO
  109 017A  32 0264     	LD (COUNTER),A	; CLEAR THE COUNTER -- CLEAN UP
  110 017D  C3 0112     	JP MAIN		; EXIT TO MAIN ROUTINE
  111 0180              SW7:
  112 0180  DB FF       	IN A,(0FFH)	; RELOAD A WITH SWITCH VALUES
  113 0182  E6 80       	AND A,80H	; CHECK TO SEE IF SWITCH 7 IS ON
  114 0184  C2 0153     	JP NZ,BINCT	; IF SO, THEN RESET THE COUNTER
  115 0187              SW6:
  116 0187  DB FF       	IN A,(0FFH)	; RELOAD A WITH SWITCHES
Z80ASM SuperFast Relocating Macro Assembler     	    Z80ASM 1.32 Page   3
IMSAIMULZ80

  117 0189  E6 40       	AND 40H		; CHECK TO SEE IF SWITCH 6 IS ON
  118 018B  20 FA       	JR NZ,SW6	; HOLD HERE (PAUSE BINARY COUNTER)
  119                   
  120 018D  C3 0158     	JP RNBCTR	; KEEP RUNNING
  121                   ; ** END BINARY COUNTER ROUTINE **
  122                   
  123                   ; ** BEGIN CYLON ROUTINE **
  124 0190              CYLON:
  125 0190  26 00       	LD H,CYLONDLYH	; LOAD HIGH BYTE OF TIMER
  126 0192  2E 81       	LD L,CYLONDLYL	; LOAD LOW BYTE OF TIMER
  127 0194  0E 01       	LD C,CYLONDLYF	; LOAD CYLON DELAY FINE
  128 0196  3E 01       	LD A,01H	; LOAD A WITH $01
  129 0198  32 0264     	LD (COUNTER),A	; LOAD COUNTER VALUE WITH $01
  130 019B  EE FF       	XOR 0FFH	; REVERSE ALL LIGHTS
  131 019D  D3 FF       	OUT (0FFH),A	; TURN ON LIGHT #0
  132 019F  CD 022F     	CALL DELAY	; CALL THE DELAY LOOP
  133 01A2              CYLFT:
  134 01A2  DB FF       	IN A,(0FFH)	; GET THE SWITCHES
  135 01A4  B7          	OR A		; SEE IF ALL SWITCHES ARE OFF
  136 01A5  C2 01B0     	JP NZ,CYLFT1	; IF SO, GO BACK TO MAIN
  137 01A8  3E 00       	LD A,00H	; OTHERWISE START CLEANUP -- LOAD 0 TO A
  138 01AA  32 0264     	LD (COUNTER),A	; RESET THE COUNTER
  139 01AD  C3 0112     	JP MAIN		; BACK TO MAIN
  140 01B0              CYLFT1:
  141 01B0  3A 0264     	LD A,(COUNTER)	; RELOAD A WITH COUNTER
  142 01B3  17          	RLA		; ROTATE LEFT
  143 01B4  32 0264     	LD (COUNTER),A	; STORE A TO COUNTER MEMORY
  144 01B7  EE FF       	XOR 0FFH	; FLIP ALL BITS
  145 01B9  D3 FF       	OUT (0FFH),A	; SEND COUNTER TO LEDS
  146                   
  147 01BB  26 00       	LD H,CYLONDLYH	; LOAD HIGH BYTE OF CYLONDELAY
  148 01BD  2E 81       	LD L,CYLONDLYL	; LOAD LOW BYTE OF CYLONDELAY
  149 01BF  0E 01       	LD C,CYLONDLYF	; LOAD CYLON DELAY FINE
  150 01C1  CD 022F     	CALL DELAY	; CALL THE DELAY ROUTINE
  151 01C4  3A 0264     	LD A,(COUNTER)	; RELOAD A FROM COUNTER
  152 01C7  FE 80       	CP 80H		; CHECK TO SEE IF IT'S 80H
  153 01C9  28 02       	JR Z,CYRGT	; IF 80H START ROTATING RIGHT
  154 01CB  18 D5       	JR CYLFT
  155 01CD              CYRGT:
  156 01CD  DB FF       	IN A,(0FFH)	; GET THE SWITCHES
  157 01CF  B7          	OR A		; SEE IF THEY ARE ALL OFF
  158 01D0  C2 01DB     	JP NZ,CYRGT1	; CONTINUE IF A SWITCH IS ON
  159 01D3  3E 00       	LD A,00H	; OTHERWISE CLEANUP -- LOAD 0 TO A
  160 01D5  32 0264     	LD (COUNTER),A	; RESET COUNTER TO ZERO
  161 01D8  C3 0112     	JP MAIN		; BACK TO MAIN
  162 01DB              CYRGT1:
  163 01DB  3A 0264     	LD A,(COUNTER)	; LOAD A FROM COUNTER
  164 01DE  1F          	RRA		; ROTATE RIGHT
  165 01DF  32 0264     	LD (COUNTER),A	; LOAD COUNTER FROM A
  166 01E2  EE FF       	XOR 0FFH	; REVERSE BITS
  167 01E4  D3 FF       	OUT (0FFH),A	; SEND TO THE LEDS
  168 01E6  26 00       	LD H,CYLONDLYH	; LOAD HIGH BYTE OF DELAY
  169 01E8  2E 81       	LD L,CYLONDLYL	; LOAD LOW BYTE OF DELAY
  170 01EA  0E 01       	LD C,CYLONDLYF	; LOAD FINE DELAY
  171 01EC  CD 022F     	CALL DELAY	; CALL THE DELAY LOOP
  172 01EF  3A 0264     	LD A,(COUNTER)	; RELOAD A FROM COUNTER
  173 01F2  FE 01       	CP 1		; COMPARE WITH 1
  174 01F4  28 AC       	JR Z,CYLFT	; IF SO, THEN ROTATE LEFT
Z80ASM SuperFast Relocating Macro Assembler     	    Z80ASM 1.32 Page   4
IMSAIMULZ80

  175 01F6  18 D5       	JR CYRGT	; IF NOT, KEEP ROTATING RIGHT
  176                   ; ** END CYLON ROUTINE **
  177                   
  178                   ; ** BEGIN SIMPLE COUNTER ROUTINE **
  179 01F8              SCOUNTER:		; SIMPLE COUNTER
  180 01F8  DB FF       	IN A,(0FFH)	; LOAD A WITH SWITCHES
  181 01FA  B7          	OR A		; CHECK IF ZERO
  182 01FB  C2 0206     	JP NZ,SCOUNTER1	; IF NOT, CONTINUE
  183 01FE  3E 00       	LD A,00H	; LOAD 0 TO A FOR CLEANUP
  184 0200  32 0264     	LD (COUNTER),A	; SET COUNTER TO ZERO
  185 0203  C3 0112     	JP MAIN		; GO BACK TO MAIN
  186                   
  187 0206              SCOUNTER1:
  188 0206  DB FF       	IN A,(0FFH)	; LOAD A WITH SWITCHES
  189 0208  E6 80       	AND 80H		; CHECK FOR SWITCH 7
  190 020A  20 07       	JR NZ,CHKONS	; IF NOT, THEN LOOP AND WAIT
  191 020C  3E 00       	LD A,0		; LOAD ZERO TO ACCUMULATOR
  192 020E  32 0267     	LD (CTRONS),A	; CLEAR ONE SHOT
  193 0211  18 E5       	JR SCOUNTER	
  194 0213              CHKONS:	
  195 0213  3A 0267     	LD A,(CTRONS)	; LOAD ONE SHOT TO A
  196 0216  B7          	OR A		; CHECK IF ZERO
  197 0217  28 03       	JR Z,RNSCTR	; IF ZERO, THEN OK TO ADD 1
  198 0219  C3 01F8     	JP SCOUNTER	; START OVER
  199                    
  200 021C              RNSCTR:
  201 021C  3E 01       	LD A,1		; LOAD VALUE OF 1 TO A
  202 021E  32 0267     	LD (CTRONS),A	; SET ONESHOT BIT
  203 0221  3A 0264     	LD A,(COUNTER)	; LOAD A WITH COUNTER
  204 0224  3C          	INC A		; INCREMENT A
  205 0225  32 0264     	LD (COUNTER),A	; STORE INCREMENTED VALUE
  206 0228  EE FF       	XOR 0FFH	; REVERSE ALL BITS
  207 022A  D3 FF       	OUT (0FFH),A	; SEND COUNTER TO LEDS
  208 022C  C3 01F8     	JP SCOUNTER	; BACK TO SCOUNTER LABEL
  209                   ; ** END SIMPLE COUNTER ROUTINE **
  210                   
  211                   ; ** BEGIN DELAY SUBROUTINE **
  212                   ; USE THE CALL FUNCTION TO CALL DELAY
  213                   ; ENTRY: HL WILL BE THE COARSE DELAY
  214                   ;	 C WILL BE THE FINE DELAY
  215                   ; EXIT: RETURNS ZERO ON HL
  216                   ;	RETURNS ZERO ON C
  217 022F              DELAY:
  218 022F  06 01       	LD B,INNERDLY	; LOAD B WITH 30H FOR INTERNAL LOOP
  219 0231              DELAY1:
  220 0231  7C          	LD A,H		; LOAD A FROM H
  221 0232  B5          	OR L		; OR L WITH H (NOW A)
  222 0233  28 05       	JR Z,DLYFINE	; IF ALL BITS ARE CLEARED, RETURN
  223 0235  2B          	DEC HL		; DECREMENT HL REGISTER
  224 0236              DELAY2:
  225 0236  10 FE       	DJNZ DELAY2	; DEC B AND JUMP UNTIL B=0
  226                   
  227 0238  18 F7       	JR DELAY1	; HL WASN'T ZERO, RE-EXECUTE
  228                   
  229 023A              DLYFINE:
  230 023A  79          	LD A,C
  231 023B  B7          	OR A
  232 023C  28 03       	JR Z,DLYRET
Z80ASM SuperFast Relocating Macro Assembler     	    Z80ASM 1.32 Page   5
IMSAIMULZ80

  233 023E  0D          	DEC C
  234 023F  18 F9       	JR DLYFINE
  235 0241              DLYRET:
  236                   			; YOU CAN ADD NOPS HERE FOR MORE FINE TUNING
  237 0241  C9          	RET		; RETURN FROM SUBROUTINE
  238                   ; ** END DELAY SUBROUTINE **
  239                   
  240                   ; ** BEGIN MODE ROUTINE **
  241 0242              MODESET:		;DETECT MODE CHANGE
  242 0242  DB FF       	IN A,(0FFH)	; GET SWITCHES
  243 0244  B7          	OR A		; SEE IF THEY ARE OFF
  244 0245  28 0D       	JR Z,SWOFF	; IF SO, SET THE MODE TO 0
  245                   
  246 0247  3A 0265     	LD A,(MODE)	; LOAD MODE TO A
  247 024A  B7          	OR A		; SEE IF IT'S ZERO
  248 024B  20 16       	JR NZ,MODERET   ; IF NOT, THEN RETURN
  249                   	
  250 024D  DB FF       	IN A,(0FFH)	; LOAD A WITH SWITCHES
  251 024F  32 0265     	LD (MODE),A	; SET THE MODE IN MEMORY
  252 0252  18 0F       	JR MODERET	; RETURN	
  253                   
  254 0254              SWOFF:
  255 0254  3E 00       	LD A,00H	; LOAD 0 TO ACCUMULATOR
  256 0256  32 0264     	LD (COUNTER),A	; ZERO COUNTER
  257 0259  32 0265     	LD (MODE),A	; SET MODE TO ZERO
  258 025C  32 0267     	LD (CTRONS),A	; CLEAR ONESHOT
  259 025F  3E FF       	LD A,0FFH	; LOAD A WITH ALL BITS HIGHT
  260 0261  D3 FF       	OUT (0FFH),A	; SHUT ALL LIGHTS OFF
  261 0263              MODERET:
  262 0263  C9          	RET
  263                   ; ** END MODE ROUTINE **
  264                   
  265                   
  266                   ; ** BEGIN FOOTER -- MEMORY STORAGE **
  267 0264              COUNTER:
  268 0264  00          	DB 00H
  269 0265              MODE:
  270 0265  00          	DB 00H
  271 0266              MODECLR:
  272 0266  00          	DB 00H
  273 0267              CTRONS:
  274 0267  00          	DB 00H
  275                   ; ** END FOOTER -- MEMORY STORAGE **
 0 Error(s) Detected.
 360 Absolute Bytes. 35 Symbols Detected.
           
  254 0254              SWOFF:
  255 0254  3E 00       	LD A,00H	; LOAD 0 TO ACCUMULATOR
  256 0256  32 0264   